# feature
feature@org.eclipse.actf.visualization,=GIT,tag=origin/master,repo=/gitroot/actf/org.eclipse.actf.visualization.git,path=features/org.eclipse.actf.visualization-feature
feature@org.eclipse.actf.visualization.sdk,=GIT,tag=origin/master,repo=/gitroot/actf/org.eclipse.actf.visualization.git,path=features/org.eclipse.actf.visualization.sdk-feature
feature@org.eclipse.actf.visualization.ui.pdt,=GIT,tag=origin/master,repo=/gitroot/actf/org.eclipse.actf.visualization.git,path=features/org.eclipse.actf.visualization.ui.pdt-feature
feature@org.eclipse.actf.visualization.ui.wst,=GIT,tag=origin/master,repo=/gitroot/actf/org.eclipse.actf.visualization.git,path=features/org.eclipse.actf.visualization.ui.wst-feature

# plugins

plugin@org.eclipse.actf.ai.voice,=GIT,tag=origin/master,repo=/gitroot/actf/org.eclipse.actf.ai.git,path=plugins/org.eclipse.actf.ai.voice
plugin@org.eclipse.actf.ai.tts.sapi,=GIT,tag=origin/master,repo=/gitroot/actf/org.eclipse.actf.ai.git,path=plugins/org.eclipse.actf.ai.tts.sapi
plugin@org.eclipse.actf.ai.tts.msp,=GIT,tag=origin/master,repo=/gitroot/actf/org.eclipse.actf.ai.git,path=plugins/org.eclipse.actf.ai.tts.msp
plugin@org.eclipse.actf.core,=GIT,tag=origin/master,repo=/gitroot/actf/org.eclipse.actf.common.git,path=plugins/org.eclipse.actf.core
plugin@org.eclipse.actf.ui,=GIT,tag=origin/master,repo=/gitroot/actf/org.eclipse.actf.common.git,path=plugins/org.eclipse.actf.ui
plugin@org.eclipse.actf.util.win32.comclutch,=GIT,tag=origin/master,repo=/gitroot/actf/org.eclipse.actf.common.git,path=plugins/org.eclipse.actf.util.win32.comclutch
plugin@org.eclipse.actf.model.ui,=GIT,tag=origin/master,repo=/gitroot/actf/org.eclipse.actf.common.git,path=plugins/org.eclipse.actf.model.ui
plugin@org.eclipse.actf.mediator,=GIT,tag=origin/master,repo=/gitroot/actf/org.eclipse.actf.common.git,path=plugins/org.eclipse.actf.mediator
plugin@org.eclipse.actf.model.dom.dombycom,=GIT,tag=origin/master,repo=/gitroot/actf/org.eclipse.actf.common.git,path=plugins/org.eclipse.actf.model.dom.dombycom
fragment@org.eclipse.actf.model.dom.dombycom.flash,=GIT,tag=origin/master,repo=/gitroot/actf/org.eclipse.actf.common.git,path=plugins/org.eclipse.actf.model.dom.dombycom.flash
plugin@org.eclipse.actf.model.dom.html,=GIT,tag=origin/master,repo=/gitroot/actf/org.eclipse.actf.common.git,path=plugins/org.eclipse.actf.model.dom.html
plugin@org.eclipse.actf.model.dom.odf,=GIT,tag=origin/master,repo=/gitroot/actf/org.eclipse.actf.common.git,path=plugins/org.eclipse.actf.model.dom.odf
plugin@org.eclipse.actf.model.flash,=GIT,tag=origin/master,repo=/gitroot/actf/org.eclipse.actf.common.git,path=plugins/org.eclipse.actf.model.flash
plugin@org.eclipse.actf.model.flash.proxy,=GIT,tag=origin/master,repo=/gitroot/actf/org.eclipse.actf.common.git,path=plugins/org.eclipse.actf.model.flash.proxy
plugin@org.eclipse.actf.model.ui.editors.ie,=GIT,tag=origin/master,repo=/gitroot/actf/org.eclipse.actf.common.git,path=plugins/org.eclipse.actf.model.ui.editors.ie
plugin@org.eclipse.actf.model.ui.editors.ooo,=GIT,tag=origin/master,repo=/gitroot/actf/org.eclipse.actf.common.git,path=plugins/org.eclipse.actf.model.ui.editors.ooo
plugin@org.eclipse.actf.model.ui.editors.ooo.initializer,=GIT,tag=origin/master,repo=/gitroot/actf/org.eclipse.actf.common.git,path=plugins/org.eclipse.actf.model.ui.editors.ooo.initializer
plugin@org.eclipse.actf.util.httpproxy,=GIT,tag=origin/master,repo=/gitroot/actf/org.eclipse.actf.common.git,path=plugins/org.eclipse.actf.util.httpproxy
plugin@org.eclipse.actf.util.vocab,=GIT,tag=origin/master,repo=/gitroot/actf/org.eclipse.actf.common.git,path=plugins/org.eclipse.actf.util.vocab
plugin@org.eclipse.actf.util.win32,=GIT,tag=origin/master,repo=/gitroot/actf/org.eclipse.actf.common.git,path=plugins/org.eclipse.actf.util.win32
plugin@org.eclipse.actf.visualization,=GIT,tag=origin/master,repo=/gitroot/actf/org.eclipse.actf.visualization.git,path=plugins/org.eclipse.actf.visualization
fragment@org.eclipse.actf.visualization.blind.odfbyhtml,=GIT,tag=origin/master,repo=/gitroot/actf/org.eclipse.actf.visualization.git,path=plugins/org.eclipse.actf.visualization.blind.odfbyhtml
plugin@org.eclipse.actf.visualization.engines.blind,=GIT,tag=origin/master,repo=/gitroot/actf/org.eclipse.actf.visualization.git,path=plugins/org.eclipse.actf.visualization.engines.blind
plugin@org.eclipse.actf.visualization.gui,=GIT,tag=origin/master,repo=/gitroot/actf/org.eclipse.actf.visualization.git,path=plugins/org.eclipse.actf.visualization.gui
plugin@org.eclipse.actf.visualization.lowvision,=GIT,tag=origin/master,repo=/gitroot/actf/org.eclipse.actf.visualization.git,path=plugins/org.eclipse.actf.visualization.lowvision
plugin@org.eclipse.actf.visualization.presentation,=GIT,tag=origin/master,repo=/gitroot/actf/org.eclipse.actf.visualization.git,path=plugins/org.eclipse.actf.visualization.presentation
plugin@org.eclipse.actf.visualization.ui.report,=GIT,tag=origin/master,repo=/gitroot/actf/org.eclipse.actf.visualization.git,path=plugins/org.eclipse.actf.visualization.ui.report
plugin@org.eclipse.actf.visualization.blind,=GIT,tag=origin/master,repo=/gitroot/actf/org.eclipse.actf.visualization.git,path=plugins/org.eclipse.actf.visualization.blind
fragment@org.eclipse.actf.visualization.blind.html,=GIT,tag=origin/master,repo=/gitroot/actf/org.eclipse.actf.visualization.git,path=plugins/org.eclipse.actf.visualization.blind.html
plugin@org.eclipse.actf.visualization.engines.blind.html,=GIT,tag=origin/master,repo=/gitroot/actf/org.eclipse.actf.visualization.git,path=plugins/org.eclipse.actf.visualization.engines.blind.html
plugin@org.eclipse.actf.visualization.engines.lowvision,=GIT,tag=origin/master,repo=/gitroot/actf/org.eclipse.actf.visualization.git,path=plugins/org.eclipse.actf.visualization.engines.lowvision
plugin@org.eclipse.actf.visualization.engines.voicebrowser,=GIT,tag=origin/master,repo=/gitroot/actf/org.eclipse.actf.visualization.git,path=plugins/org.eclipse.actf.visualization.engines.voicebrowser
plugin@org.eclipse.actf.visualization.eval,=GIT,tag=origin/master,repo=/gitroot/actf/org.eclipse.actf.visualization.git,path=plugins/org.eclipse.actf.visualization.eval
fragment@org.eclipse.actf.visualization.flash,=GIT,tag=origin/master,repo=/gitroot/actf/org.eclipse.actf.visualization.git,path=plugins/org.eclipse.actf.visualization.flash
plugin@org.eclipse.actf.visualization.doc.isv,=GIT,tag=origin/master,repo=/gitroot/actf/org.eclipse.actf.visualization.git,path=plugins/org.eclipse.actf.visualization.doc.isv
plugin@org.eclipse.actf.visualization.doc.user,=GIT,tag=origin/master,repo=/gitroot/actf/org.eclipse.actf.visualization.git,path=plugins/org.eclipse.actf.visualization.doc.user
plugin@org.eclipse.actf.visualization.ui.pdt,=GIT,tag=origin/master,repo=/gitroot/actf/org.eclipse.actf.visualization.git,path=plugins/org.eclipse.actf.visualization.ui.pdt
plugin@org.eclipse.actf.visualization.ui.wst,=GIT,tag=origin/master,repo=/gitroot/actf/org.eclipse.actf.visualization.git,path=plugins/org.eclipse.actf.visualization.ui.wst
plugin@org.eclipse.actf.visualization.sdk,=GIT,tag=origin/master,repo=/gitroot/actf/org.eclipse.actf.visualization.git,path=plugins/org.eclipse.actf.visualization.sdk
plugin@org.eclipse.actf.examples.adesigner.eval.odf,=GIT,tag=origin/master,repo=/gitroot/actf/org.eclipse.actf.examples.git,path=plugins/org.eclipse.actf.examples.adesigner.eval.odf
plugin@org.eclipse.actf.examples.adesigner.eval.html,=GIT,tag=origin/master,repo=/gitroot/actf/org.eclipse.actf.examples.git,path=plugins/org.eclipse.actf.examples.adesigner.eval.html
