# feature
feature@org.eclipse.actf.visualization=HEAD,:pserver:anonymous@dev.eclipse.org:/cvsroot/technology,,org.eclipse.actf/org.eclipse.actf.visualization/features/org.eclipse.actf.visualization-feature
feature@org.eclipse.actf.visualization.sdk=HEAD,:pserver:anonymous@dev.eclipse.org:/cvsroot/technology,,org.eclipse.actf/org.eclipse.actf.visualization/features/org.eclipse.actf.visualization.sdk-feature
feature@org.eclipse.actf.visualization.ui.pdt=HEAD,:pserver:anonymous@dev.eclipse.org:/cvsroot/technology,,org.eclipse.actf/org.eclipse.actf.visualization/features/org.eclipse.actf.visualization.ui.pdt-feature
feature@org.eclipse.actf.visualization.ui.wst=HEAD,:pserver:anonymous@dev.eclipse.org:/cvsroot/technology,,org.eclipse.actf/org.eclipse.actf.visualization/features/org.eclipse.actf.visualization.ui.wst-feature

# plugins

plugin@org.eclipse.actf.util.win32.comclutch=HEAD,:pserver:anonymous@dev.eclipse.org:/cvsroot/technology,,org.eclipse.actf/org.eclipse.actf.common/plugins/org.eclipse.actf.util.win32.comclutch,org.eclipse.actf.util.win32.comclutch
plugin@org.eclipse.actf.ai.tts.sapi=HEAD,:pserver:anonymous@dev.eclipse.org:/cvsroot/technology,,org.eclipse.actf/org.eclipse.actf.ai/plugins/org.eclipse.actf.ai.tts.sapi,org.eclipse.actf.ai.tts.sapi
plugin@org.eclipse.actf.ai.voice=HEAD,:pserver:anonymous@dev.eclipse.org:/cvsroot/technology,,org.eclipse.actf/org.eclipse.actf.ai/plugins/org.eclipse.actf.ai.voice,org.eclipse.actf.ai.voice
plugin@org.eclipse.actf.core=HEAD,:pserver:anonymous@dev.eclipse.org:/cvsroot/technology,,org.eclipse.actf/org.eclipse.actf.common/plugins/org.eclipse.actf.core,org.eclipse.actf.core
plugin@org.eclipse.actf.ui=HEAD,:pserver:anonymous@dev.eclipse.org:/cvsroot/technology,,org.eclipse.actf/org.eclipse.actf.common/plugins/org.eclipse.actf.ui,org.eclipse.actf.ui
plugin@org.eclipse.actf.model.ui=HEAD,:pserver:anonymous@dev.eclipse.org:/cvsroot/technology,,org.eclipse.actf/org.eclipse.actf.common/plugins/org.eclipse.actf.model.ui,org.eclipse.actf.model.ui
plugin@org.eclipse.actf.mediator=HEAD,:pserver:anonymous@dev.eclipse.org:/cvsroot/technology,,org.eclipse.actf/org.eclipse.actf.common/plugins/org.eclipse.actf.mediator,org.eclipse.actf.mediator
plugin@org.eclipse.actf.model.dom.dombycom=HEAD,:pserver:anonymous@dev.eclipse.org:/cvsroot/technology,,org.eclipse.actf/org.eclipse.actf.common/plugins/org.eclipse.actf.model.dom.dombycom,org.eclipse.actf.model.dom.dombycom
fragment@org.eclipse.actf.model.dom.dombycom.flash=HEAD,:pserver:anonymous@dev.eclipse.org:/cvsroot/technology,,org.eclipse.actf/org.eclipse.actf.common/plugins/org.eclipse.actf.model.dom.dombycom.flash,org.eclipse.actf.model.dom.dombycom.flash
plugin@org.eclipse.actf.model.dom.html=HEAD,:pserver:anonymous@dev.eclipse.org:/cvsroot/technology,,org.eclipse.actf/org.eclipse.actf.common/plugins/org.eclipse.actf.model.dom.html,org.eclipse.actf.model.dom.html
plugin@org.eclipse.actf.model.dom.odf=HEAD,:pserver:anonymous@dev.eclipse.org:/cvsroot/technology,,org.eclipse.actf/org.eclipse.actf.common/plugins/org.eclipse.actf.model.dom.odf,org.eclipse.actf.model.dom.odf
plugin@org.eclipse.actf.model.flash=HEAD,:pserver:anonymous@dev.eclipse.org:/cvsroot/technology,,org.eclipse.actf/org.eclipse.actf.common/plugins/org.eclipse.actf.model.flash,org.eclipse.actf.model.flash
plugin@org.eclipse.actf.model.flash.proxy=HEAD,:pserver:anonymous@dev.eclipse.org:/cvsroot/technology,,org.eclipse.actf/org.eclipse.actf.common/plugins/org.eclipse.actf.model.flash.proxy,org.eclipse.actf.model.flash.proxy
plugin@org.eclipse.actf.model.ui.editors.ie=HEAD,:pserver:anonymous@dev.eclipse.org:/cvsroot/technology,,org.eclipse.actf/org.eclipse.actf.common/plugins/org.eclipse.actf.model.ui.editors.ie,org.eclipse.actf.model.ui.editors.ie
plugin@org.eclipse.actf.model.ui.editors.ooo=HEAD,:pserver:anonymous@dev.eclipse.org:/cvsroot/technology,,org.eclipse.actf/org.eclipse.actf.common/plugins/org.eclipse.actf.model.ui.editors.ooo,org.eclipse.actf.model.ui.editors.ooo
plugin@org.eclipse.actf.model.ui.editors.ooo.initializer=HEAD,:pserver:anonymous@dev.eclipse.org:/cvsroot/technology,,org.eclipse.actf/org.eclipse.actf.common/plugins/org.eclipse.actf.model.ui.editors.ooo.initializer,org.eclipse.actf.model.ui.editors.ooo.initializer
plugin@org.eclipse.actf.util.httpproxy=HEAD,:pserver:anonymous@dev.eclipse.org:/cvsroot/technology,,org.eclipse.actf/org.eclipse.actf.common/plugins/org.eclipse.actf.util.httpproxy,org.eclipse.actf.util.httpproxy
plugin@org.eclipse.actf.util.vocab=HEAD,:pserver:anonymous@dev.eclipse.org:/cvsroot/technology,,org.eclipse.actf/org.eclipse.actf.common/plugins/org.eclipse.actf.util.vocab,org.eclipse.actf.util.vocab
plugin@org.eclipse.actf.util.win32=HEAD,:pserver:anonymous@dev.eclipse.org:/cvsroot/technology,,org.eclipse.actf/org.eclipse.actf.common/plugins/org.eclipse.actf.util.win32,org.eclipse.actf.util.win32
plugin@org.eclipse.actf.visualization=HEAD,:pserver:anonymous@dev.eclipse.org:/cvsroot/technology,,org.eclipse.actf/org.eclipse.actf.visualization/plugins/org.eclipse.actf.visualization,org.eclipse.actf.visualization
fragment@org.eclipse.actf.visualization.blind.odfbyhtml=HEAD,:pserver:anonymous@dev.eclipse.org:/cvsroot/technology,,org.eclipse.actf/org.eclipse.actf.visualization/plugins/org.eclipse.actf.visualization.blind.odfbyhtml,org.eclipse.actf.visualization.blind.odfbyhtml
plugin@org.eclipse.actf.visualization.engines.blind=HEAD,:pserver:anonymous@dev.eclipse.org:/cvsroot/technology,,org.eclipse.actf/org.eclipse.actf.visualization/plugins/org.eclipse.actf.visualization.engines.blind,org.eclipse.actf.visualization.engines.blind
plugin@org.eclipse.actf.visualization.gui=HEAD,:pserver:anonymous@dev.eclipse.org:/cvsroot/technology,,org.eclipse.actf/org.eclipse.actf.visualization/plugins/org.eclipse.actf.visualization.gui,org.eclipse.actf.visualization.gui
plugin@org.eclipse.actf.visualization.lowvision=HEAD,:pserver:anonymous@dev.eclipse.org:/cvsroot/technology,,org.eclipse.actf/org.eclipse.actf.visualization/plugins/org.eclipse.actf.visualization.lowvision,org.eclipse.actf.visualization.lowvision
plugin@org.eclipse.actf.visualization.presentation=HEAD,:pserver:anonymous@dev.eclipse.org:/cvsroot/technology,,org.eclipse.actf/org.eclipse.actf.visualization/plugins/org.eclipse.actf.visualization.presentation,org.eclipse.actf.visualization.presentation
plugin@org.eclipse.actf.visualization.ui.report=HEAD,:pserver:anonymous@dev.eclipse.org:/cvsroot/technology,,org.eclipse.actf/org.eclipse.actf.visualization/plugins/org.eclipse.actf.visualization.ui.report,org.eclipse.actf.visualization.ui.report
plugin@org.eclipse.actf.visualization.blind=HEAD,:pserver:anonymous@dev.eclipse.org:/cvsroot/technology,,org.eclipse.actf/org.eclipse.actf.visualization/plugins/org.eclipse.actf.visualization.blind,org.eclipse.actf.visualization.blind
fragment@org.eclipse.actf.visualization.blind.html=HEAD,:pserver:anonymous@dev.eclipse.org:/cvsroot/technology,,org.eclipse.actf/org.eclipse.actf.visualization/plugins/org.eclipse.actf.visualization.blind.html,org.eclipse.actf.visualization.blind.html
plugin@org.eclipse.actf.visualization.engines.blind.html=HEAD,:pserver:anonymous@dev.eclipse.org:/cvsroot/technology,,org.eclipse.actf/org.eclipse.actf.visualization/plugins/org.eclipse.actf.visualization.engines.blind.html,org.eclipse.actf.visualization.engines.blind.html
plugin@org.eclipse.actf.visualization.engines.lowvision=HEAD,:pserver:anonymous@dev.eclipse.org:/cvsroot/technology,,org.eclipse.actf/org.eclipse.actf.visualization/plugins/org.eclipse.actf.visualization.engines.lowvision,org.eclipse.actf.visualization.engines.lowvision
plugin@org.eclipse.actf.visualization.engines.voicebrowser=HEAD,:pserver:anonymous@dev.eclipse.org:/cvsroot/technology,,org.eclipse.actf/org.eclipse.actf.visualization/plugins/org.eclipse.actf.visualization.engines.voicebrowser,org.eclipse.actf.visualization.engines.voicebrowser
plugin@org.eclipse.actf.visualization.eval=HEAD,:pserver:anonymous@dev.eclipse.org:/cvsroot/technology,,org.eclipse.actf/org.eclipse.actf.visualization/plugins/org.eclipse.actf.visualization.eval,org.eclipse.actf.visualization.eval
fragment@org.eclipse.actf.visualization.flash=HEAD,:pserver:anonymous@dev.eclipse.org:/cvsroot/technology,,org.eclipse.actf/org.eclipse.actf.visualization/plugins/org.eclipse.actf.visualization.flash,org.eclipse.actf.visualization.flash
plugin@org.eclipse.actf.examples.adesigner.eval.odf=HEAD,:pserver:anonymous@dev.eclipse.org:/cvsroot/technology,,org.eclipse.actf/org.eclipse.actf.examples/plugins/org.eclipse.actf.examples.adesigner.eval.odf,org.eclipse.actf.examples.adesigner.eval.odf
plugin@org.eclipse.actf.examples.adesigner.eval.html=HEAD,:pserver:anonymous@dev.eclipse.org:/cvsroot/technology,,org.eclipse.actf/org.eclipse.actf.examples/plugins/org.eclipse.actf.examples.adesigner.eval.html,org.eclipse.actf.examples.adesigner.eval.html
plugin@org.eclipse.actf.visualization.doc.isv=HEAD,:pserver:anonymous@dev.eclipse.org:/cvsroot/technology,,org.eclipse.actf/org.eclipse.actf.visualization/plugins/org.eclipse.actf.visualization.doc.isv,org.eclipse.actf.visualization.doc.isv
plugin@org.eclipse.actf.visualization.ui.pdt=HEAD,:pserver:anonymous@dev.eclipse.org:/cvsroot/technology,,org.eclipse.actf/org.eclipse.actf.visualization/plugins/org.eclipse.actf.visualization.ui.pdt,org.eclipse.actf.visualization.ui.pdt
plugin@org.eclipse.actf.visualization.ui.wst=HEAD,:pserver:anonymous@dev.eclipse.org:/cvsroot/technology,,org.eclipse.actf/org.eclipse.actf.visualization/plugins/org.eclipse.actf.visualization.ui.wst,org.eclipse.actf.visualization.ui.wst
